
> temp-app@0.1.0 test
> vitest src/infrastructure/repositories/fs-content-repository.test.ts --run


[1m[46m RUN [49m[22m [36mv4.0.15 [39m[90m/Users/tetsu/work/preludio-lab[39m

 [32m✓[39m src/infrastructure/repositories/fs-content-repository.test.ts [2m([22m[2m3 tests[22m[2m)[22m[32m 14[2mms[22m[39m

[2m Test Files [22m [1m[32m1 passed[39m[22m[90m (1)[39m
[2m      Tests [22m [1m[32m3 passed[39m[22m[90m (3)[39m
[2m   Start at [22m 17:13:53
[2m   Duration [22m 1.87s[2m (transform 135ms, setup 165ms, import 234ms, tests 14ms, environment 1.14s)[22m

